-28.029597631421282 73.40823491650286 -67.01963941953622 
-37.12979225601174 -241.85303936947733 227.8734490240681 
128.5823491622515 316.4475917640975 57.02344881283846 
116.64727568990324 -37.15987259764317 -53.11260144401541 
166.8697925758827 16.173218667422116 -199.65699551469356 
-63.608758184671835 -100.9879775490709 -132.434949744829 
-181.3236554336798 356.5993281380556 64.80354542200396 
-66.88648795979717 127.0073682726137 145.76927298069847 
44.225632827623734 39.726410495294104 54.59320741528993 
