-66.0052767461771 59.14318412089058 -16.330768076416838 -61.34418640706706 52.45949775814893 -125.68483511416588 33.16834301383314 
138.117872354611 -7.569728091877379 -32.7380346053513 -59.657650792926646 26.119812370137335 72.73404769313069 -28.150481745010225 
