15.668436645886521 38.370451518548165 -180.27433900632184 -132.86081806788212 135.23866991311894 -200.70224932829663 236.113172576669 -163.22838836662297 73.89545823686619 41.5276343917903 -58.502695187400406 
-4.933218296212526 101.02974496615052 62.944475165248015 51.02973482542336 160.78165368963846 -186.90152826736679 -73.97410750943646 205.89494023356787 -61.775755497748165 25.72786440983416 -119.09891422646916 
