-11.035465137515713 3.706677775258939 3.8950325313807763 
6.392968621433843 -22.561491945901583 -14.60327626900204 
-1.225595391832718 14.063663831372478 -6.734267399519457 
-0.08737193610340022 6.049227462333451 -14.854923376093502 
-9.753048549400855 14.158254606084903 2.094994326211225 
-4.439435956318457 -4.509186375530023 -5.530664343622605 
-28.66871905907408 22.144394289694624 13.497132531056208 
10.659722199734794 -20.521860468416484 -3.7176253600827476 
-9.836464038950513 -2.1572310841607814 0.7866041555659469 
8.155595880483908 7.204700016092259 9.493561333133794 
0.818849262904007 -4.315161709512285 18.41876533943507 
13.443037051188634 -12.450779814209575 -18.081977102416467 
9.71612168050963 20.350483749192918 11.260732609651821 
-5.662504667123136 4.145085364994723 8.272874063940076 
17.810185751676464 7.322709326600135 -27.205193969369045 
-0.2579799516726662 0.937500031902454 3.679899731333566 
