-199.07132254876137 
143.1960601781323 
-24.793868849930938 
154.9722635950983 
-206.94257401449582 
179.0762720713118 
-255.38401718666174 
29.133777861445715 
6.994524424724419 
-67.55860239068477 
138.98346398314064 
161.04262181885434 
11.470682749870315 
105.41473837252923 
36.6467349719011 
-107.53940834433858 
57.184803156132766 
-166.39665490085835 
-45.14942161996382 
-14.137533310442224 
26.644591194566665 
-44.02618477311278 
-47.08738708873628 
-81.44511176608786 
-227.10117258940343 
-22.106228504889444 
51.555913140109325 
-261.4768156688637 
121.8064133564769 
