-3.480644553696097 3.055432523760583 -14.887338251752578 -21.760522111728676 41.333866300641546 -6.174405375317011 -24.014990733440214 1.6852441912342204 -7.009094741237856 -5.201131685517821 -10.104429884692925 9.20551916552864 24.480127661942493 -38.712466621748135 40.49964226419279 -5.455764518454645 22.954876865769926 -2.5742342156714244 -43.67511939455663 28.50972575751499 13.128655232213385 1.5065061483050992 -3.573155771873475 20.689978297701042 -32.29779014970119 35.76657819832584 2.1754716765006696 -26.27365729307714 13.753853063512906 17.426822005931676 -25.0317475547226 -9.867196502834505 6.304402672635351 -13.181100303174382 40.47193571219566 5.568762681827158 2.6929945710052166 -40.04394816190889 7.54956164327464 
