-248.04351023745443 284.2015575027573 -121.86578928056903 -24.138564737196376 
585.1184577814435 -253.88767547274009 218.33504793964758 221.1848861868222 
-370.72006536643187 429.7100679070939 -478.8614711281145 422.3761993041161 
-15.723937283743496 230.21656272489287 -170.79357110138898 -70.52327126222006 
261.08914160148015 -533.1303482701989 374.1969147145893 41.87301910995941 
393.08427634208846 -577.6686159117429 -366.6384846066934 223.90112037403458 
497.3134023769203 400.5012901533918 58.204650066258004 -187.25584925647712 
-212.19589441908528 69.30828851423719 -53.481673121897856 -94.37201278808342 
