-316.10281224384926 180.78270225831733 226.20053796099842 
-32.355911442194746 -49.53212416219858 -49.77547962697179 
159.08226236305617 -108.05541057328435 -320.6364961942027 
52.641005420222385 -424.10152738484874 68.76888805446087 
-149.27796794901073 177.89730303098565 466.4436496809274 
54.33806617032626 -306.59100657557843 -347.3037810181494 
36.62739078051804 -3.848054644110256 218.08056319560157 
-107.41472528626228 69.34289451324611 -99.65562901871262 
-188.98759540142981 588.8225410425999 -218.2197086313327 
-208.5662459107991 -97.8882280925598 -184.18228254165524 
-343.6767774468087 33.425081804204375 -22.140059780453196 
-142.5100900767684 230.10751882244193 -166.15558380661201 
