23.826828349120873 -58.82221830954725 147.39108899491467 -187.44499374283384 
66.4583746020511 -64.0226210759878 191.70729056357877 -167.41199247862593 
-282.37056062638914 247.50772726881158 -138.08751004347073 -82.34059400325773 
211.78950825815673 154.69100198831697 -246.81925864159967 82.92244278803373 
201.0372295618325 -88.86341231854622 -104.55003453802354 51.69526474260296 
16.39458056068686 -186.84075066840876 69.28319595287877 -59.43062411627038 
-315.9499399177403 243.67188308189304 56.867162229818916 -158.33226081775558 
82.81363316152121 123.60271368185823 -31.887447888933288 -325.5023030910708 
77.75137365874859 25.030505807249142 -61.406463137261014 282.2992771282202 
103.51581953427116 -221.96514450155837 -108.72659067454941 154.95019951772616 
155.13317411593633 -40.31188501581025 18.48686672027881 302.9500057202316 
43.44288091231718 132.78723896593635 -348.80507084420583 -76.66147811551022 
-246.21841956621805 -8.248694189631408 125.89582678925373 43.62273407971344 
