13.01570597049238 
-177.30915390090365 
-8.341281525891347 
163.09914392160698 
-248.7022979006942 
205.64613017533566 
-149.61853214669847 
-44.68190279518782 
-121.86632682659503 
60.6177574418351 
124.32945884598365 
-75.7893119034921 
146.47613462677876 
-121.14375992731118 
86.71137443003349 
142.8655043607488 
-67.78174936993683 
-106.98450846373564 
53.16819874294142 
192.26746824135196 
-77.19332551022461 
-101.04621555757538 
146.4144605519141 
15.495291870787707 
-162.6738771539718 
120.39476275908812 
4.728495659418012 
