12.465488722826152 
61.00501702641986 
54.296202411098385 
27.97000910744277 
-122.98261513200691 
-105.86154413236076 
-98.70533614350977 
141.09013915850267 
-33.91902467289981 
39.47214161295215 
12.623644888883412 
90.3221185049104 
-51.55552267068981 
17.675130327464203 
-61.80481085234457 
-14.365558729404398 
-133.3933436964968 
94.8974176249176 
49.701849290765516 
30.13677241597883 
-26.827255100696817 
-77.69803174461889 
12.449375585400476 
8.050646889690931 
47.03729247957686 
50.36897249700304 
79.5979738537635 
-42.486404492016675 
8.781156663392338 
-2.2387146645659053 
-81.1960507451646 
14.189016878705997 
-45.56761306246253 
151.81542304792384 
38.11088486736681 
-23.985885233475194 
-93.59733138472816 
55.684514063292255 
-110.7862275573904 
66.57118357679462 
79.84959872297128 
-17.629470952044976 
-45.858464610517174 
3.052113527655038 
36.894250357399535 
