23.12535611398152 
-449.9008655032437 
185.24275491534829 
-259.7453764862469 
354.5161636854112 
-288.99441166770504 
477.2097881169953 
-9.255859366308494 
397.1084111131626 
38.30393772069306 
-245.34512873376016 
122.01765114687801 
182.56949870157962 
213.92924628004175 
-154.56075088148086 
-314.6398474213545 
196.80854874694796 
358.05017992081486 
-465.84372563332005 
693.0434901719764 
-2.006276816686448 
156.46427133249082 
-27.903486328230596 
317.59518701200903 
34.67595004627458 
362.2336072006626 
-373.58176367321073 
1.2077043665316995 
308.9394661935003 
-128.51812440019793 
-162.5890358552701 
26.9480189532889 
36.89876810717988 
228.69096158940843 
-366.0541683466973 
-163.1302685858183 
32.81271429851202 
-487.3285487967596 
-268.5486003409623 
-399.2728486424013 
193.5053625720656 
-129.01884016944825 
-138.00948032951783 
421.2057768881013 
-55.53407481014961 
535.5589504571759 
273.67888923020007 
85.892870701824 
-275.9816718458562 
