-43.67311794183084 -136.44526288789004 61.46047026684347 36.96811035715796 20.496018876664444 
71.88466402556969 213.6620151604427 -109.10431442762493 -122.85217242348172 15.168339402692075 
123.5749380253925 -110.44105732912739 10.42168001896266 31.200450460127236 -6.1407529782997265 
