-160.1920095512324 
140.7822827845638 
-49.742418412351725 
-27.20571423134965 
-80.3233625563713 
111.15722378194556 
-179.0449739727142 
123.86308436268033 
60.532343308216255 
