-206.21049241583273 309.638955344613 34.564668780188164 -221.92692147808683 
476.8619155401497 -384.8602967569773 329.76575531339887 235.69601736903903 
-169.71478630041918 -300.5649549183278 -396.02275136448344 39.77104906297563 
291.3767960019932 233.53662124461167 139.4206084645629 394.15125089960935 
-454.8501549409869 -34.371926275403524 -503.444229091519 -322.3010238618388 
-76.66163762961814 348.2064991847842 223.04402283061793 90.60173795066896 
