80.8461219609853 -262.4227689096565 -65.34821505887416 -81.7009015789029 120.55591052171607 95.39026938176053 -101.10211066918892 -26.728276225869074 104.09731181981343 -276.97326978347223 46.39106727170932 44.826721541212926 19.318354743346685 -52.42394706461246 118.31542491608849 -90.45245276470555 -8.753011604077978 
151.05546810438165 101.92676497180574 -224.05403938585235 454.88172055524024 -340.24567080640287 -68.1505429310278 -201.1926408074021 8.596881476857188 423.4795545848632 281.8956442260872 -211.1690019647117 -128.10600709517644 3.119880501430786 94.82131954355654 -307.41409129098696 340.23037988951 33.87098779651172 
-76.70384116574357 64.9296394935751 -141.3636629218718 84.96324734108721 -98.47770504374355 12.184294445378073 120.44949445188354 -8.843201097665325 -114.42280562225308 -202.57960886573778 -20.988363127924046 254.2897859130395 -24.480093013617104 139.6904176711481 -157.8565860516336 94.44798421760872 99.31369783187664 
