-26.732471149230562 16.359598737648547 -11.898984805389274 -27.70141753252172 33.64755695798177 36.78348578048603 -34.61806722982695 16.19035271893696 8.452513206387323 -10.24133603632153 -10.50782929525991 20.36135401398864 19.748379570838786 -57.162221857586054 27.271864204180098 -8.37503508651644 -25.74064192969729 64.51994497140038 -4.02832995153438 -55.36983888677996 69.72253217006488 -19.062341840786733 -49.307569067498434 7.122842995875842 54.55247558305793 -64.82995230709128 42.91587852783966 -15.166103473259449 25.582358978962205 -0.142423600407644 -48.48909993633124 
