26.781762790605637 12.812079268076012 -10.673524403806622 -8.490352432364563 1.2890197998388575 9.931256820719067 6.133174578455086 15.079183596703103 -36.40071942135309 11.397863321506568 -12.500913082538066 2.5582999944257736 2.235325613051471 -9.601065075870851 -15.450431927443875 -9.969054956434507 23.42456046502623 19.325658377467022 6.341278062482262 -10.470989444073213 -9.003595830902462 11.670878248287991 9.197356788360871 -29.283406331737694 7.688373493536067 19.51397009161934 -25.92761621577955 28.22571197522415 10.155765465979222 
