-108.6460872863862 39.76547802758854 24.251320132941252 -71.06978902249546 114.71974340456636 
79.87396596423031 -11.922833142605821 12.180821334446762 15.143058919652773 -28.976068239950813 
-80.87075693801441 -64.26986021960377 79.21315122796302 -114.32353220470006 -9.74309577310615 
167.68299474361837 -128.01348639229056 61.71943603748222 -181.5264767116667 -25.218075505920247 
-14.543269970354375 64.59280264977563 74.69098645634077 103.97222735037431 -119.40348892560127 
-91.62078304187045 134.68363379439532 -68.06071093136177 61.620683859321744 -105.99647250374301 
-33.06918577345884 -17.59019420151526 -91.32087936095664 68.28244323965095 58.14715517928825 
85.28668441913193 -29.2699816948935 -16.51324152908489 -57.25394356791021 79.42936751961125 
