-16.007040552073562 56.760782443567265 -64.0793138141453 10.640964913722353 5.230674767304947 -48.66477261075764 -56.68600029803192 100.95153289720514 4.318127350159363 15.406209406706699 -25.31824643016901 -47.72360566842076 40.468472885207575 
14.691044540142903 -150.24109169359278 63.85441796215753 94.06887294315226 1.947595824008291 14.869442171687831 -19.102440704489524 -0.978341583588713 38.93430448326465 -87.21248369621175 91.19937223804853 -69.1686817380531 55.9788230000852 
-76.72934340502565 81.58219160066199 -58.95077206722051 60.4742801578383 -43.071654435657905 34.00066587564811 -22.104302506540826 -11.529942878010406 7.998187445852267 38.390160758580805 -14.715916467288514 -31.28365616585051 -47.45940434158253 
