241.7874351719803 -142.26781791966397 1.6704358769648402 126.71412417453868 -266.9114474856382 -29.39189912457877 
-214.80438609182897 221.10025963336608 -183.8438765315097 328.83050544952323 -395.39275351465295 370.94708603130357 
278.3058224138594 -238.0204674599936 -71.67406572788224 451.8273493320926 -68.06351120388047 194.4224544499334 
89.81488666879089 263.6911117967794 -206.08528897225867 -136.70204328798735 71.65674052469164 -134.02072587790911 
193.1096782813175 -316.98396034087887 -40.20416955784057 -47.96860363979793 192.74381027989534 71.71722838371304 
