-27.337888545307955 -19.687443572538843 23.157269800955024 -51.791406146522576 6.827070875854716 23.084296263583536 -75.50854211058916 105.09881880626105 -114.77934084340025 105.02148888223714 -111.26731478092202 109.27416379331842 13.861133817714883 -105.04354318344659 45.059239275077914 -26.493079069885344 -13.13719912568466 86.73415860041398 -75.34344179140018 -15.143113322247693 29.86729806578234 52.83948912141265 -2.4477481775942174 -33.54210820827462 25.34747533957284 -67.09598558442609 81.26559738787526 -65.97735752195847 84.72822159838265 -60.54991739992086 -10.051795149923777 -54.55098724949645 
