219.84797700377248 -9.91508106037851 
-123.65289203948758 -130.08520292521703 
-162.075401329037 162.77027290608996 
309.9420511534576 -314.7036406066413 
-426.5389831619483 -41.08611972959921 
332.03864576563785 -83.73416098197694 
-296.8465371504832 57.64601995988645 
473.8185300305973 -213.94801523474743 
-117.17426673941128 45.48857921053521 
97.13727236354094 -164.9637050790067 
270.86345022111385 -368.9657395378993 
339.1229437223174 -73.80338017158849 
-166.4434722014064 -134.4650417838775 
-174.81778427093673 100.68331535671955 
96.7746794659052 3.817633811952332 
-120.13018468421868 292.1888854202527 
-412.957606955136 -336.7136912149289 
139.0969313828501 -101.11919029748687 
174.85768691156733 -207.19631134286078 
-344.4192483476313 -167.1392304847814 
-626.3175395496272 -102.10992094190888 
557.2460497039128 -221.8891984802838 
-306.11015923218775 -413.6445091294983 
133.65598460701332 82.86132482170513 
