29.684906966732264 6.746029460986515 -91.9280783556607 40.05362120088697 -28.897637378619056 -44.13332016888715 -51.08289534395247 -59.082279178490936 -98.02302850881024 -81.35809944294111 21.291495291137444 -103.32709573572123 63.39800226433395 -92.73516833086285 -77.93762811263292 104.2737987931974 -122.0160856996041 12.783939473723985 -137.54167476981954 80.57479875862083 142.08866854232917 -87.84153285935736 -136.59085167888622 
24.666889036130513 105.90036075141332 -57.60757657000501 138.2976322342549 -14.997372571404359 91.02687016794847 -86.23851551803007 52.11917148336605 89.73430527858145 90.31120485408555 -21.361491687306483 38.90993247829401 22.944615462532454 6.406450651419436 132.38130657357706 94.90583057870431 -107.25768299842474 139.5608463129403 -110.27074192013141 -17.22453349382495 -9.89001127730212 136.7410911482144 -49.90394660096652 
