-140.85427639289506 -113.28677563914808 -180.50983920402987 -160.45702403563564 152.48836916309725 
56.11018620046117 189.7769601419617 63.77532577628125 404.83681284336933 281.6792531991825 
156.5497263540773 -387.99497963101453 25.02047807233861 -352.5986095455814 78.2568086124723 
-66.37568657523043 -281.57653032657305 293.87714932516354 -155.01541010076886 0.7548572606355739 
124.73088574723758 60.73400278217733 -1.7911061085470381 -177.95946501753534 -14.025166728099544 
