5.151606791433989 -21.405232048291264 26.306029777156002 
41.585020093685316 -10.205436087458528 16.07590318342569 
26.065001510708957 -33.557377794797425 29.620397038077613 
-25.422591582005722 12.259624152040896 24.36107456636792 
37.69834770378944 -0.9076965932110692 -46.43999636566954 
-36.26884968961424 18.229082851664337 -26.591120170284945 
9.940641275450426 18.564858510901864 10.662622045571071 
6.247299031036302 8.873860496770682 0.6200632601044278 
29.77423733362241 -20.514402566369334 -35.11603222439909 
-31.854498926862032 44.035197699379076 -16.937659073262562 
-14.408424224645337 -25.544955626959943 -30.433669647217002 
-15.499436542842595 54.21170815130496 11.675477029677648 
-10.491683094206428 10.157611410942923 -6.100621536363374 
