-161.146361593641 -99.22425510905785 22.576688719754717 102.12566508808658 -161.79914080616706 185.94121672205114 51.35585620891384 33.13778015607916 149.92365388405577 -122.10835375398523 -32.33977215986453 6.194500394077833 
213.89100173685762 109.4817846178304 -251.71395162755434 -104.45241336769398 -364.87753970040296 246.80100293476798 222.46219309756847 -105.95970920442241 -370.79146071059284 178.83742911056638 -176.53709821145986 -104.26431969607303 
357.68829879695926 -129.98867881069836 -511.61514564005824 306.9155438519859 319.37494180633126 -549.7038157358504 46.22046712808065 12.38491807877615 -255.35966911024556 -115.22993074188602 240.95874483265345 -32.685519427493595 
-333.5349422138774 232.0948152422263 -247.48773851609027 396.84393002379903 -143.80855657005762 200.33972398201178 218.5880397158711 35.9355416302271 22.136970801592867 137.6102361539692 -192.49800975555638 49.63647982416736 
