-61.08041540190669 
190.52641719008463 
-197.87356989374499 
117.92164315669689 
-283.48874144540576 
28.640879215556915 
105.38517158345815 
172.87366732885732 
-65.03979848368276 
-38.29151983533385 
28.870195628735036 
-77.99662372084424 
-85.86592789589142 
241.17616703962364 
-147.96368281181282 
38.74949236605748 
-130.6261933646606 
69.60038508290941 
-235.0576779052977 
-130.78917752970457 
11.940198721725682 
-166.30719615490023 
-4.786338302895687 
109.79639660200313 
-96.94598852458762 
79.7538268449741 
-101.24941020095466 
56.87994524385534 
-102.01836795677352 
-27.13519809913223 
11.459434083256827 
110.36342654806064 
-105.30127541845559 
-121.3365624574042 
-12.752445914377864 
101.28695180067608 
-14.763901076357044 
